../Drivers/CMSIS/Include/core_cm33.h:2448:34:__NVIC_SystemReset	4	static,ignoring_inline_asm
../Drivers/STM32U5xx_HAL_Driver/Inc/stm32u5xx_ll_pwr.h:1707:22:LL_PWR_EnableVDDIO2	4	static
../Drivers/STM32U5xx_HAL_Driver/Inc/stm32u5xx_ll_pwr.h:1737:22:LL_PWR_EnableVDDA	4	static
../Core/Src/main.c:83:13:IWDG_Init	8	static
../Core/Src/main.c:100:6:_JumpToProgram	32	static,ignoring_inline_asm
../Core/Src/main.c:120:6:MX_UART4_Init	8	static
../Core/Src/main.c:175:6:MX_UART5_Init	8	static
../Core/Src/main.c:231:6:SystemHal_Config	8	static
../Core/Src/main.c:238:10:wait4command	16	static
../Core/Src/main.c:278:5:main	16	static
../Core/Src/main.c:381:6:SystemClock_Config	128	static
../Core/Src/main.c:449:13:SystemPower_Config	8	static
../Core/Src/main.c:465:13:MX_ICACHE_Init	8	static
../Core/Src/main.c:515:6:HAL_UART_RxCpltCallback	16	static
../Core/Src/main.c:542:6:Error_Handler	4	static,ignoring_inline_asm
