../Core/Src/xmodem.c:85:6:flash_read	24	static
../Core/Src/xmodem.c:96:6:flash_transfer	32	static
../Core/Src/xmodem.c:151:6:flash_write	32	static
../Core/Src/xmodem.c:207:6:write_A5_signature	48	static
../Core/Src/xmodem.c:285:6:write_signature	136	static
../Core/Src/xmodem.c:420:17:GetPage	24	static
../Core/Src/xmodem.c:443:17:GetBank	16	static
../Core/Src/xmodem.c:449:6:Error_Handlerb	216	static,ignoring_inline_asm
../Core/Src/xmodem.c:478:10:uart_receive	24	static
../Core/Src/xmodem.c:493:6:uart_transmit_ch	16	static
../Core/Src/xmodem.c:500:10:Transmit_result	24	static
../Core/Src/xmodem.c:511:6:transmit_notification	24	static
../Core/Src/xmodem.c:520:6:trasmit_answer	24	static
../Core/Src/xmodem.c:535:6:flasherasesection	32	static
../Core/Src/xmodem.c:606:6:flasherase	32	static
../Core/Src/xmodem.c:710:6:erasesignature	32	static
../Core/Src/xmodem.c:792:10:checkstring	16	static
../Core/Src/xmodem.c:824:10:Transmit	24	static
../Core/Src/xmodem.c:836:10:checksum_adder	16	static
../Core/Src/xmodem.c:849:10:compare_array	16	static
../Core/Src/xmodem.c:865:6:LongDelay	24	static
../Core/Src/xmodem.c:877:10:read_flash_check_crc	40	static
../Core/Src/xmodem.c:899:10:get_A5_signature	48	static
../Core/Src/xmodem.c:944:10:a5_program_presence	1072	static
../Core/Src/xmodem.c:1040:10:get_xmodem	32	static
../Core/Src/xmodem.c:1211:17:xmodem_calc_crc	24	static
../Core/Src/xmodem.c:1239:17:xmodem_calc_crc_partial	32	static
../Core/Src/xmodem.c:1278:10:transfer_flash_runtime_A5	24	static
../Core/Src/xmodem.c:1509:6:program_switcher	16	static
